// Jest Snapshot v1, https://goo.gl/fbAQLP

exports[`UserProfile.vue should render correctly on inital render 1`] = `
<div class="user-profile">
  <pageheader-stub title="User Profile" subtitle="Update password and profile settings"></pageheader-stub>
  <section class="content">
    <div class="columns">
      <div class="column">
        <article class="box">
          <!---->
          <p class="subtitle">
            Reset Password
          </p>
          <form>
            <div class="field"><label class="label">New Password</label>
              <div class="control has-icons-right"><input type="password" placeholder="New Password" class="input password">
                <!---->
                <!---->
              </div>
            </div>
            <div class="field"><label class="label">Confirm Password</label>
              <div class="control has-icons-right"><input type="password" placeholder="Confirm Password" class="input confirmation">
                <!---->
                <!---->
              </div>
            </div> <button type="button" class="button save is-primary">
              Save
            </button>
          </form>
        </article>
      </div>
      <div class="column">
        <article class="box">
          <userauthtokens-stub></userauthtokens-stub>
        </article>
      </div>
    </div>
  </section>
  <!---->
</div>
`;
